// Jest Snapshot v1, https://goo.gl/fbAQLP

exports[`LandingPage Component should render the Landing Page 1`] = `
<div>
  <h1>
     WELCOME TO LEARNGROUND 
  </h1>
</div>
`;
